
> react-kavia@0.1.0 start
> cross-env EDIT_MODE=true webpack serve --config .ve/webpack.config.js --mode development

<i> [webpack-dev-server] Project is running at:
<i> [webpack-dev-server] Loopback: http://localhost:3000/, http://[::1]:3000/
<i> [webpack-dev-server] On Your Network (IPv4): http://172.17.0.2:3000/
<i> [webpack-dev-server] Content not from webpack is served from './public' directory
Injecting EditorRootWrapper import: ../.ve/EditorRootWrapper
asset bundle.js 1.39 MiB [emitted] (name: main)
asset index.html 1.92 KiB [emitted]
runtime modules 27.5 KiB 14 modules
modules by path ./node_modules/ 1.24 MiB 31 modules
modules by path ./src/ 10.3 KiB
  modules by path ./src/*.css 7.49 KiB 4 modules
  modules by path ./src/*.js 2.76 KiB
    ./src/index.js 530 bytes [built] [code generated]
    ./src/App.js 2.24 KiB [built] [code generated]
modules by path ./.ve/ 15.1 KiB
  modules by path ./.ve/*.js 10.6 KiB 2 modules
  modules by path ./.ve/*.css 2.93 KiB
    ./.ve/EditorOverlay.css 2.25 KiB [built] [code generated]
    ./node_modules/css-loader/dist/cjs.js!./.ve/EditorOverlay.css 697 bytes [built] [code generated]
  ./.ve/EditorOverlay.jsx 1.58 KiB [built] [code generated]
webpack 5.99.9 compiled successfully in 1430 ms
assets by status 1.92 KiB [cached] 1 asset
assets by path *.js 1.39 MiB
  asset bundle.js 1.39 MiB [emitted] (name: main)
  asset main.1d78821922d48775020d.hot-update.js 3.33 KiB [emitted] [immutable] [hmr] (name: main)
asset main.1d78821922d48775020d.hot-update.json 28 bytes [emitted] [immutable] [hmr]
Entrypoint main 1.39 MiB = bundle.js 1.39 MiB main.1d78821922d48775020d.hot-update.js 3.33 KiB
cached modules 1.26 MiB [cached] 41 modules
runtime modules 27.5 KiB 14 modules
./src/App.js 1.1 KiB [built] [code generated]

ERROR in ./src/App.js 3:0-44
Module not found: Error: Can't resolve './MainContainer' in '/home/kavia/workspace/code-generation/habitquest-21077-15732729/habitquest_frontend/src'
resolve './MainContainer' in '/home/kavia/workspace/code-generation/habitquest-21077-15732729/habitquest_frontend/src'
  using description file: /home/kavia/workspace/code-generation/habitquest-21077-15732729/habitquest_frontend/package.json (relative path: ./src)
    Field 'browser' doesn't contain a valid alias configuration
    using description file: /home/kavia/workspace/code-generation/habitquest-21077-15732729/habitquest_frontend/package.json (relative path: ./src/MainContainer)
      no extension
        Field 'browser' doesn't contain a valid alias configuration
        /home/kavia/workspace/code-generation/habitquest-21077-15732729/habitquest_frontend/src/MainContainer doesn't exist
      .js
        Field 'browser' doesn't contain a valid alias configuration
        /home/kavia/workspace/code-generation/habitquest-21077-15732729/habitquest_frontend/src/MainContainer.js doesn't exist
      .jsx
        Field 'browser' doesn't contain a valid alias configuration
        /home/kavia/workspace/code-generation/habitquest-21077-15732729/habitquest_frontend/src/MainContainer.jsx doesn't exist
      as directory
        /home/kavia/workspace/code-generation/habitquest-21077-15732729/habitquest_frontend/src/MainContainer doesn't exist
 @ ./src/index.js 5:0-24 11:32-35

webpack 5.99.9 compiled with 1 error in 167 ms
assets by status 1.92 KiB [cached] 1 asset
assets by path *.js 1.4 MiB
  asset bundle.js 1.39 MiB [emitted] (name: main)
  asset main.700e302a1d05da5b1abd.hot-update.js 6.56 KiB [emitted] [immutable] [hmr] (name: main)
asset main.700e302a1d05da5b1abd.hot-update.json 28 bytes [emitted] [immutable] [hmr]
Entrypoint main 1.4 MiB = bundle.js 1.39 MiB main.700e302a1d05da5b1abd.hot-update.js 6.56 KiB
cached modules 1.26 MiB [cached] 41 modules
runtime modules 27.5 KiB 14 modules
javascript modules 2.58 KiB
  ./src/App.js 1.1 KiB [code generated]
  ./src/MainContainer.js 1.48 KiB [built] [code generated]

ERROR in ./src/MainContainer.js 2:0-28
Module not found: Error: Can't resolve './Login' in '/home/kavia/workspace/code-generation/habitquest-21077-15732729/habitquest_frontend/src'
 @ ./src/App.js 3:0-44 34:32-45
 @ ./src/index.js 5:0-24 11:32-35

ERROR in ./src/MainContainer.js 3:0-36
Module not found: Error: Can't resolve './Dashboard' in '/home/kavia/workspace/code-generation/habitquest-21077-15732729/habitquest_frontend/src'
 @ ./src/App.js 3:0-44 34:32-45
 @ ./src/index.js 5:0-24 11:32-35

ERROR in ./src/MainContainer.js 4:0-30
Module not found: Error: Can't resolve './NavBar' in '/home/kavia/workspace/code-generation/habitquest-21077-15732729/habitquest_frontend/src'
 @ ./src/App.js 3:0-44 34:32-45
 @ ./src/index.js 5:0-24 11:32-35

3 errors have detailed information that is not shown.
Use 'stats.errorDetails: true' resp. '--stats-error-details' to show it.

webpack 5.99.9 compiled with 3 errors in 75 ms
assets by status 1.92 KiB [cached] 1 asset
assets by path *.js 1.41 MiB
  asset bundle.js 1.4 MiB [emitted] (name: main)
  asset main.da30a38afde1daa986e3.hot-update.js 8.17 KiB [emitted] [immutable] [hmr] (name: main)
asset main.da30a38afde1daa986e3.hot-update.json 28 bytes [emitted] [immutable] [hmr]
Entrypoint main 1.41 MiB = bundle.js 1.4 MiB main.da30a38afde1daa986e3.hot-update.js 8.17 KiB
cached modules 1.26 MiB [cached] 42 modules
runtime modules 27.5 KiB 14 modules
javascript modules 4.26 KiB
  ./src/MainContainer.js 1.48 KiB [code generated]
  ./src/NavBar.js 2.78 KiB [built] [code generated]

ERROR in ./src/MainContainer.js 2:0-28
Module not found: Error: Can't resolve './Login' in '/home/kavia/workspace/code-generation/habitquest-21077-15732729/habitquest_frontend/src'
resolve './Login' in '/home/kavia/workspace/code-generation/habitquest-21077-15732729/habitquest_frontend/src'
  using description file: /home/kavia/workspace/code-generation/habitquest-21077-15732729/habitquest_frontend/package.json (relative path: ./src)
    Field 'browser' doesn't contain a valid alias configuration
    using description file: /home/kavia/workspace/code-generation/habitquest-21077-15732729/habitquest_frontend/package.json (relative path: ./src/Login)
      no extension
        Field 'browser' doesn't contain a valid alias configuration
        /home/kavia/workspace/code-generation/habitquest-21077-15732729/habitquest_frontend/src/Login doesn't exist
      .js
        Field 'browser' doesn't contain a valid alias configuration
        /home/kavia/workspace/code-generation/habitquest-21077-15732729/habitquest_frontend/src/Login.js doesn't exist
      .jsx
        Field 'browser' doesn't contain a valid alias configuration
        /home/kavia/workspace/code-generation/habitquest-21077-15732729/habitquest_frontend/src/Login.jsx doesn't exist
      as directory
        /home/kavia/workspace/code-generation/habitquest-21077-15732729/habitquest_frontend/src/Login doesn't exist
 @ ./src/App.js 3:0-44 34:32-45
 @ ./src/index.js 5:0-24 11:32-35

ERROR in ./src/MainContainer.js 3:0-36
Module not found: Error: Can't resolve './Dashboard' in '/home/kavia/workspace/code-generation/habitquest-21077-15732729/habitquest_frontend/src'
resolve './Dashboard' in '/home/kavia/workspace/code-generation/habitquest-21077-15732729/habitquest_frontend/src'
  using description file: /home/kavia/workspace/code-generation/habitquest-21077-15732729/habitquest_frontend/package.json (relative path: ./src)
    Field 'browser' doesn't contain a valid alias configuration
    using description file: /home/kavia/workspace/code-generation/habitquest-21077-15732729/habitquest_frontend/package.json (relative path: ./src/Dashboard)
      no extension
        Field 'browser' doesn't contain a valid alias configuration
        /home/kavia/workspace/code-generation/habitquest-21077-15732729/habitquest_frontend/src/Dashboard doesn't exist
      .js
        Field 'browser' doesn't contain a valid alias configuration
        /home/kavia/workspace/code-generation/habitquest-21077-15732729/habitquest_frontend/src/Dashboard.js doesn't exist
      .jsx
        Field 'browser' doesn't contain a valid alias configuration
        /home/kavia/workspace/code-generation/habitquest-21077-15732729/habitquest_frontend/src/Dashboard.jsx doesn't exist
      as directory
        /home/kavia/workspace/code-generation/habitquest-21077-15732729/habitquest_frontend/src/Dashboard doesn't exist
 @ ./src/App.js 3:0-44 34:32-45
 @ ./src/index.js 5:0-24 11:32-35

webpack 5.99.9 compiled with 2 errors in 56 ms
assets by status 1.92 KiB [cached] 1 asset
assets by path *.js 1.41 MiB
  asset bundle.js 1.4 MiB [emitted] (name: main)
  asset main.e0fb179ca56a15be46b5.hot-update.js 9.34 KiB [emitted] [immutable] [hmr] (name: main)
asset main.e0fb179ca56a15be46b5.hot-update.json 28 bytes [emitted] [immutable] [hmr]
Entrypoint main 1.41 MiB = bundle.js 1.4 MiB main.e0fb179ca56a15be46b5.hot-update.js 9.34 KiB
cached modules 1.27 MiB [cached] 43 modules
runtime modules 27.5 KiB 14 modules
javascript modules 5.22 KiB
  ./src/MainContainer.js 1.48 KiB [code generated]
  ./src/Login.js 3.74 KiB [built] [code generated]

ERROR in ./src/MainContainer.js 3:0-36
Module not found: Error: Can't resolve './Dashboard' in '/home/kavia/workspace/code-generation/habitquest-21077-15732729/habitquest_frontend/src'
resolve './Dashboard' in '/home/kavia/workspace/code-generation/habitquest-21077-15732729/habitquest_frontend/src'
  using description file: /home/kavia/workspace/code-generation/habitquest-21077-15732729/habitquest_frontend/package.json (relative path: ./src)
    Field 'browser' doesn't contain a valid alias configuration
    using description file: /home/kavia/workspace/code-generation/habitquest-21077-15732729/habitquest_frontend/package.json (relative path: ./src/Dashboard)
      no extension
        Field 'browser' doesn't contain a valid alias configuration
        /home/kavia/workspace/code-generation/habitquest-21077-15732729/habitquest_frontend/src/Dashboard doesn't exist
      .js
        Field 'browser' doesn't contain a valid alias configuration
        /home/kavia/workspace/code-generation/habitquest-21077-15732729/habitquest_frontend/src/Dashboard.js doesn't exist
      .jsx
        Field 'browser' doesn't contain a valid alias configuration
        /home/kavia/workspace/code-generation/habitquest-21077-15732729/habitquest_frontend/src/Dashboard.jsx doesn't exist
      as directory
        /home/kavia/workspace/code-generation/habitquest-21077-15732729/habitquest_frontend/src/Dashboard doesn't exist
 @ ./src/App.js 3:0-44 34:32-45
 @ ./src/index.js 5:0-24 11:32-35

webpack 5.99.9 compiled with 1 error in 61 ms
assets by status 1.92 KiB [cached] 1 asset
assets by path *.js 1.42 MiB
  asset bundle.js 1.41 MiB [emitted] (name: main)
  asset main.5779ec11dc993d0a6526.hot-update.js 13.4 KiB [emitted] [immutable] [hmr] (name: main)
asset main.5779ec11dc993d0a6526.hot-update.json 28 bytes [emitted] [immutable] [hmr]
Entrypoint main 1.42 MiB = bundle.js 1.41 MiB main.5779ec11dc993d0a6526.hot-update.js 13.4 KiB
cached modules 1.27 MiB [cached] 44 modules
runtime modules 27.5 KiB 14 modules
javascript modules 8.57 KiB
  ./src/MainContainer.js 1.48 KiB [code generated]
  ./src/Dashboard.js 7.09 KiB [built] [code generated]

ERROR in ./src/Dashboard.js 2:0-36
Module not found: Error: Can't resolve './HabitList' in '/home/kavia/workspace/code-generation/habitquest-21077-15732729/habitquest_frontend/src'
 @ ./src/MainContainer.js 3:0-36 44:29-38
 @ ./src/App.js 3:0-44 34:32-45
 @ ./src/index.js 5:0-24 11:32-35

ERROR in ./src/Dashboard.js 3:0-40
Module not found: Error: Can't resolve './BadgesModal' in '/home/kavia/workspace/code-generation/habitquest-21077-15732729/habitquest_frontend/src'
 @ ./src/MainContainer.js 3:0-36 44:29-38
 @ ./src/App.js 3:0-44 34:32-45
 @ ./src/index.js 5:0-24 11:32-35

ERROR in ./src/Dashboard.js 4:0-42
Module not found: Error: Can't resolve './CoinsDisplay' in '/home/kavia/workspace/code-generation/habitquest-21077-15732729/habitquest_frontend/src'
 @ ./src/MainContainer.js 3:0-36 44:29-38
 @ ./src/App.js 3:0-44 34:32-45
 @ ./src/index.js 5:0-24 11:32-35

3 errors have detailed information that is not shown.
Use 'stats.errorDetails: true' resp. '--stats-error-details' to show it.

webpack 5.99.9 compiled with 3 errors in 74 ms
assets by status 1.92 KiB [cached] 1 asset
assets by path *.js 1.44 MiB
  asset bundle.js 1.42 MiB [emitted] (name: main)
  asset main.23d04c3f1205c86b504f.hot-update.js 17.9 KiB [emitted] [immutable] [hmr] (name: main)
asset main.23d04c3f1205c86b504f.hot-update.json 28 bytes [emitted] [immutable] [hmr]
Entrypoint main 1.44 MiB = bundle.js 1.42 MiB main.23d04c3f1205c86b504f.hot-update.js 17.9 KiB
cached modules 1.27 MiB [cached] 45 modules
runtime modules 27.5 KiB 14 modules
javascript modules 12.7 KiB
  ./src/Dashboard.js 7.09 KiB [code generated]
  ./src/BadgesModal.js 5.63 KiB [built] [code generated]

ERROR in ./src/Dashboard.js 2:0-36
Module not found: Error: Can't resolve './HabitList' in '/home/kavia/workspace/code-generation/habitquest-21077-15732729/habitquest_frontend/src'
resolve './HabitList' in '/home/kavia/workspace/code-generation/habitquest-21077-15732729/habitquest_frontend/src'
  using description file: /home/kavia/workspace/code-generation/habitquest-21077-15732729/habitquest_frontend/package.json (relative path: ./src)
    Field 'browser' doesn't contain a valid alias configuration
    using description file: /home/kavia/workspace/code-generation/habitquest-21077-15732729/habitquest_frontend/package.json (relative path: ./src/HabitList)
      no extension
        Field 'browser' doesn't contain a valid alias configuration
        /home/kavia/workspace/code-generation/habitquest-21077-15732729/habitquest_frontend/src/HabitList doesn't exist
      .js
        Field 'browser' doesn't contain a valid alias configuration
        /home/kavia/workspace/code-generation/habitquest-21077-15732729/habitquest_frontend/src/HabitList.js doesn't exist
      .jsx
        Field 'browser' doesn't contain a valid alias configuration
        /home/kavia/workspace/code-generation/habitquest-21077-15732729/habitquest_frontend/src/HabitList.jsx doesn't exist
      as directory
        /home/kavia/workspace/code-generation/habitquest-21077-15732729/habitquest_frontend/src/HabitList doesn't exist
 @ ./src/MainContainer.js 3:0-36 44:29-38
 @ ./src/App.js 3:0-44 34:32-45
 @ ./src/index.js 5:0-24 11:32-35

ERROR in ./src/Dashboard.js 4:0-42
Module not found: Error: Can't resolve './CoinsDisplay' in '/home/kavia/workspace/code-generation/habitquest-21077-15732729/habitquest_frontend/src'
resolve './CoinsDisplay' in '/home/kavia/workspace/code-generation/habitquest-21077-15732729/habitquest_frontend/src'
  using description file: /home/kavia/workspace/code-generation/habitquest-21077-15732729/habitquest_frontend/package.json (relative path: ./src)
    Field 'browser' doesn't contain a valid alias configuration
    using description file: /home/kavia/workspace/code-generation/habitquest-21077-15732729/habitquest_frontend/package.json (relative path: ./src/CoinsDisplay)
      no extension
        Field 'browser' doesn't contain a valid alias configuration
        /home/kavia/workspace/code-generation/habitquest-21077-15732729/habitquest_frontend/src/CoinsDisplay doesn't exist
      .js
        Field 'browser' doesn't contain a valid alias configuration
        /home/kavia/workspace/code-generation/habitquest-21077-15732729/habitquest_frontend/src/CoinsDisplay.js doesn't exist
      .jsx
        Field 'browser' doesn't contain a valid alias configuration
        /home/kavia/workspace/code-generation/habitquest-21077-15732729/habitquest_frontend/src/CoinsDisplay.jsx doesn't exist
      as directory
        /home/kavia/workspace/code-generation/habitquest-21077-15732729/habitquest_frontend/src/CoinsDisplay doesn't exist
 @ ./src/MainContainer.js 3:0-36 44:29-38
 @ ./src/App.js 3:0-44 34:32-45
 @ ./src/index.js 5:0-24 11:32-35

webpack 5.99.9 compiled with 2 errors in 65 ms
assets by status 1.92 KiB [cached] 1 asset
assets by path *.js 1.43 MiB
  asset bundle.js 1.42 MiB [emitted] (name: main)
  asset main.d2129b99759b446e5f89.hot-update.js 12.1 KiB [emitted] [immutable] [hmr] (name: main)
asset main.d2129b99759b446e5f89.hot-update.json 28 bytes [emitted] [immutable] [hmr]
Entrypoint main 1.43 MiB = bundle.js 1.42 MiB main.d2129b99759b446e5f89.hot-update.js 12.1 KiB
cached modules 1.28 MiB [cached] 46 modules
runtime modules 27.5 KiB 14 modules
javascript modules 7.94 KiB
  ./src/Dashboard.js 7.09 KiB [code generated]
  ./src/CoinsDisplay.js 862 bytes [built] [code generated]

ERROR in ./src/Dashboard.js 2:0-36
Module not found: Error: Can't resolve './HabitList' in '/home/kavia/workspace/code-generation/habitquest-21077-15732729/habitquest_frontend/src'
resolve './HabitList' in '/home/kavia/workspace/code-generation/habitquest-21077-15732729/habitquest_frontend/src'
  using description file: /home/kavia/workspace/code-generation/habitquest-21077-15732729/habitquest_frontend/package.json (relative path: ./src)
    Field 'browser' doesn't contain a valid alias configuration
    using description file: /home/kavia/workspace/code-generation/habitquest-21077-15732729/habitquest_frontend/package.json (relative path: ./src/HabitList)
      no extension
        Field 'browser' doesn't contain a valid alias configuration
        /home/kavia/workspace/code-generation/habitquest-21077-15732729/habitquest_frontend/src/HabitList doesn't exist
      .js
        Field 'browser' doesn't contain a valid alias configuration
        /home/kavia/workspace/code-generation/habitquest-21077-15732729/habitquest_frontend/src/HabitList.js doesn't exist
      .jsx
        Field 'browser' doesn't contain a valid alias configuration
        /home/kavia/workspace/code-generation/habitquest-21077-15732729/habitquest_frontend/src/HabitList.jsx doesn't exist
      as directory
        /home/kavia/workspace/code-generation/habitquest-21077-15732729/habitquest_frontend/src/HabitList doesn't exist
 @ ./src/MainContainer.js 3:0-36 44:29-38
 @ ./src/App.js 3:0-44 34:32-45
 @ ./src/index.js 5:0-24 11:32-35

webpack 5.99.9 compiled with 1 error in 39 ms
assets by status 1.92 KiB [cached] 1 asset
assets by path *.js 1.45 MiB
  asset bundle.js 1.43 MiB [emitted] (name: main)
  asset main.72567c09bb6405f10a7d.hot-update.js 17.8 KiB [emitted] [immutable] [hmr] (name: main)
asset main.72567c09bb6405f10a7d.hot-update.json 28 bytes [emitted] [immutable] [hmr]
Entrypoint main 1.45 MiB = bundle.js 1.43 MiB main.72567c09bb6405f10a7d.hot-update.js 17.8 KiB
cached modules 1.28 MiB [cached] 47 modules
runtime modules 27.5 KiB 14 modules
javascript modules 12.6 KiB
  ./src/Dashboard.js 7.09 KiB [code generated]
  ./src/HabitList.js 5.47 KiB [built] [code generated]

ERROR in ./src/HabitList.js 2:0-36
Module not found: Error: Can't resolve './HabitItem' in '/home/kavia/workspace/code-generation/habitquest-21077-15732729/habitquest_frontend/src'
resolve './HabitItem' in '/home/kavia/workspace/code-generation/habitquest-21077-15732729/habitquest_frontend/src'
  using description file: /home/kavia/workspace/code-generation/habitquest-21077-15732729/habitquest_frontend/package.json (relative path: ./src)
    Field 'browser' doesn't contain a valid alias configuration
    using description file: /home/kavia/workspace/code-generation/habitquest-21077-15732729/habitquest_frontend/package.json (relative path: ./src/HabitItem)
      no extension
        Field 'browser' doesn't contain a valid alias configuration
        /home/kavia/workspace/code-generation/habitquest-21077-15732729/habitquest_frontend/src/HabitItem doesn't exist
      .js
        Field 'browser' doesn't contain a valid alias configuration
        /home/kavia/workspace/code-generation/habitquest-21077-15732729/habitquest_frontend/src/HabitItem.js doesn't exist
      .jsx
        Field 'browser' doesn't contain a valid alias configuration
        /home/kavia/workspace/code-generation/habitquest-21077-15732729/habitquest_frontend/src/HabitItem.jsx doesn't exist
      as directory
        /home/kavia/workspace/code-generation/habitquest-21077-15732729/habitquest_frontend/src/HabitItem doesn't exist
 @ ./src/Dashboard.js 2:0-36 232:26-35
 @ ./src/MainContainer.js 3:0-36 44:29-38
 @ ./src/App.js 3:0-44 34:32-45
 @ ./src/index.js 5:0-24 11:32-35

webpack 5.99.9 compiled with 1 error in 60 ms
assets by status 1.92 KiB [cached] 1 asset
assets by path *.js 1.45 MiB
  asset bundle.js 1.43 MiB [emitted] (name: main)
  asset main.a24efcfa4a540abb210f.hot-update.js 14.1 KiB [emitted] [immutable] [hmr] (name: main)
asset main.a24efcfa4a540abb210f.hot-update.json 28 bytes [emitted] [immutable] [hmr]
Entrypoint main 1.45 MiB = bundle.js 1.43 MiB main.a24efcfa4a540abb210f.hot-update.js 14.1 KiB
cached modules 1.28 MiB [cached] 48 modules
runtime modules 27.5 KiB 14 modules
javascript modules 9.48 KiB
  ./src/HabitList.js 5.47 KiB [code generated]
  ./src/HabitItem.js 4.01 KiB [built] [code generated]
webpack 5.99.9 compiled successfully in 86 ms
